// Jest Snapshot v1, https://goo.gl/fbAQLP

exports[`matches snapshot 1`] = `
<Form
  inline={false}
  onSubmit={[Function]}
>
  <fieldset
    disabled={false}
  >
    <FormLabel
      column={false}
      htmlFor="inlineFormKeyword"
      srOnly={false}
    >
      Search
    </FormLabel>
    <FormControl
      id="inlineFormKeyword"
      onChange={[Function]}
      placeholder="Keyword"
      required={true}
      type="text"
    />
    <Feedback>
      OK
    </Feedback>
    <FormLabel
      className="my-1 mr-2"
      column={false}
      htmlFor="inlineFormCountrySelectPref"
      srOnly={false}
    >
      Country
    </FormLabel>
    <FormControl
      as="select"
      className="my-1 mr-sm-2"
      custom={true}
      id="inlineFormCountrySelectPref"
      onChange={[Function]}
    >
      <option
        value=""
      >
        Any
      </option>
      <option
        key="0"
        value="Afghanistan"
      >
        Afghanistan
      </option>
      <option
        key="1"
        value="Åland Islands"
      >
        Åland Islands
      </option>
      <option
        key="2"
        value="Albania"
      >
        Albania
      </option>
      <option
        key="3"
        value="Algeria"
      >
        Algeria
      </option>
      <option
        key="4"
        value="American Samoa"
      >
        American Samoa
      </option>
      <option
        key="5"
        value="AndorrA"
      >
        AndorrA
      </option>
      <option
        key="6"
        value="Angola"
      >
        Angola
      </option>
      <option
        key="7"
        value="Anguilla"
      >
        Anguilla
      </option>
      <option
        key="8"
        value="Antarctica"
      >
        Antarctica
      </option>
      <option
        key="9"
        value="Antigua and Barbuda"
      >
        Antigua and Barbuda
      </option>
      <option
        key="10"
        value="Argentina"
      >
        Argentina
      </option>
      <option
        key="11"
        value="Armenia"
      >
        Armenia
      </option>
      <option
        key="12"
        value="Aruba"
      >
        Aruba
      </option>
      <option
        key="13"
        value="Australia"
      >
        Australia
      </option>
      <option
        key="14"
        value="Austria"
      >
        Austria
      </option>
      <option
        key="15"
        value="Azerbaijan"
      >
        Azerbaijan
      </option>
      <option
        key="16"
        value="Bahamas"
      >
        Bahamas
      </option>
      <option
        key="17"
        value="Bahrain"
      >
        Bahrain
      </option>
      <option
        key="18"
        value="Bangladesh"
      >
        Bangladesh
      </option>
      <option
        key="19"
        value="Barbados"
      >
        Barbados
      </option>
      <option
        key="20"
        value="Belarus"
      >
        Belarus
      </option>
      <option
        key="21"
        value="Belgium"
      >
        Belgium
      </option>
      <option
        key="22"
        value="Belize"
      >
        Belize
      </option>
      <option
        key="23"
        value="Benin"
      >
        Benin
      </option>
      <option
        key="24"
        value="Bermuda"
      >
        Bermuda
      </option>
      <option
        key="25"
        value="Bhutan"
      >
        Bhutan
      </option>
      <option
        key="26"
        value="Bolivia"
      >
        Bolivia
      </option>
      <option
        key="27"
        value="Bosnia and Herzegovina"
      >
        Bosnia and Herzegovina
      </option>
      <option
        key="28"
        value="Botswana"
      >
        Botswana
      </option>
      <option
        key="29"
        value="Bouvet Island"
      >
        Bouvet Island
      </option>
      <option
        key="30"
        value="Brazil"
      >
        Brazil
      </option>
      <option
        key="31"
        value="British Indian Ocean Territory"
      >
        British Indian Ocean Territory
      </option>
      <option
        key="32"
        value="Brunei Darussalam"
      >
        Brunei Darussalam
      </option>
      <option
        key="33"
        value="Bulgaria"
      >
        Bulgaria
      </option>
      <option
        key="34"
        value="Burkina Faso"
      >
        Burkina Faso
      </option>
      <option
        key="35"
        value="Burundi"
      >
        Burundi
      </option>
      <option
        key="36"
        value="Cambodia"
      >
        Cambodia
      </option>
      <option
        key="37"
        value="Cameroon"
      >
        Cameroon
      </option>
      <option
        key="38"
        value="Canada"
      >
        Canada
      </option>
      <option
        key="39"
        value="Cape Verde"
      >
        Cape Verde
      </option>
      <option
        key="40"
        value="Cayman Islands"
      >
        Cayman Islands
      </option>
      <option
        key="41"
        value="Central African Republic"
      >
        Central African Republic
      </option>
      <option
        key="42"
        value="Chad"
      >
        Chad
      </option>
      <option
        key="43"
        value="Chile"
      >
        Chile
      </option>
      <option
        key="44"
        value="China"
      >
        China
      </option>
      <option
        key="45"
        value="Christmas Island"
      >
        Christmas Island
      </option>
      <option
        key="46"
        value="Cocos (Keeling) Islands"
      >
        Cocos (Keeling) Islands
      </option>
      <option
        key="47"
        value="Colombia"
      >
        Colombia
      </option>
      <option
        key="48"
        value="Comoros"
      >
        Comoros
      </option>
      <option
        key="49"
        value="Congo"
      >
        Congo
      </option>
      <option
        key="50"
        value="Congo, The Democratic Republic of the"
      >
        Congo, The Democratic Republic of the
      </option>
      <option
        key="51"
        value="Cook Islands"
      >
        Cook Islands
      </option>
      <option
        key="52"
        value="Costa Rica"
      >
        Costa Rica
      </option>
      <option
        key="53"
        value="Cote D'Ivoire"
      >
        Cote D'Ivoire
      </option>
      <option
        key="54"
        value="Croatia"
      >
        Croatia
      </option>
      <option
        key="55"
        value="Cuba"
      >
        Cuba
      </option>
      <option
        key="56"
        value="Cyprus"
      >
        Cyprus
      </option>
      <option
        key="57"
        value="Czech Republic"
      >
        Czech Republic
      </option>
      <option
        key="58"
        value="Denmark"
      >
        Denmark
      </option>
      <option
        key="59"
        value="Djibouti"
      >
        Djibouti
      </option>
      <option
        key="60"
        value="Dominica"
      >
        Dominica
      </option>
      <option
        key="61"
        value="Dominican Republic"
      >
        Dominican Republic
      </option>
      <option
        key="62"
        value="Ecuador"
      >
        Ecuador
      </option>
      <option
        key="63"
        value="Egypt"
      >
        Egypt
      </option>
      <option
        key="64"
        value="El Salvador"
      >
        El Salvador
      </option>
      <option
        key="65"
        value="Equatorial Guinea"
      >
        Equatorial Guinea
      </option>
      <option
        key="66"
        value="Eritrea"
      >
        Eritrea
      </option>
      <option
        key="67"
        value="Estonia"
      >
        Estonia
      </option>
      <option
        key="68"
        value="Ethiopia"
      >
        Ethiopia
      </option>
      <option
        key="69"
        value="Falkland Islands (Malvinas)"
      >
        Falkland Islands (Malvinas)
      </option>
      <option
        key="70"
        value="Faroe Islands"
      >
        Faroe Islands
      </option>
      <option
        key="71"
        value="Fiji"
      >
        Fiji
      </option>
      <option
        key="72"
        value="Finland"
      >
        Finland
      </option>
      <option
        key="73"
        value="France"
      >
        France
      </option>
      <option
        key="74"
        value="French Guiana"
      >
        French Guiana
      </option>
      <option
        key="75"
        value="French Polynesia"
      >
        French Polynesia
      </option>
      <option
        key="76"
        value="French Southern Territories"
      >
        French Southern Territories
      </option>
      <option
        key="77"
        value="Gabon"
      >
        Gabon
      </option>
      <option
        key="78"
        value="Gambia"
      >
        Gambia
      </option>
      <option
        key="79"
        value="Georgia"
      >
        Georgia
      </option>
      <option
        key="80"
        value="Germany"
      >
        Germany
      </option>
      <option
        key="81"
        value="Ghana"
      >
        Ghana
      </option>
      <option
        key="82"
        value="Gibraltar"
      >
        Gibraltar
      </option>
      <option
        key="83"
        value="Greece"
      >
        Greece
      </option>
      <option
        key="84"
        value="Greenland"
      >
        Greenland
      </option>
      <option
        key="85"
        value="Grenada"
      >
        Grenada
      </option>
      <option
        key="86"
        value="Guadeloupe"
      >
        Guadeloupe
      </option>
      <option
        key="87"
        value="Guam"
      >
        Guam
      </option>
      <option
        key="88"
        value="Guatemala"
      >
        Guatemala
      </option>
      <option
        key="89"
        value="Guernsey"
      >
        Guernsey
      </option>
      <option
        key="90"
        value="Guinea"
      >
        Guinea
      </option>
      <option
        key="91"
        value="Guinea-Bissau"
      >
        Guinea-Bissau
      </option>
      <option
        key="92"
        value="Guyana"
      >
        Guyana
      </option>
      <option
        key="93"
        value="Haiti"
      >
        Haiti
      </option>
      <option
        key="94"
        value="Heard Island and Mcdonald Islands"
      >
        Heard Island and Mcdonald Islands
      </option>
      <option
        key="95"
        value="Holy See (Vatican City State)"
      >
        Holy See (Vatican City State)
      </option>
      <option
        key="96"
        value="Honduras"
      >
        Honduras
      </option>
      <option
        key="97"
        value="Hong Kong"
      >
        Hong Kong
      </option>
      <option
        key="98"
        value="Hungary"
      >
        Hungary
      </option>
      <option
        key="99"
        value="Iceland"
      >
        Iceland
      </option>
      <option
        key="100"
        value="India"
      >
        India
      </option>
      <option
        key="101"
        value="Indonesia"
      >
        Indonesia
      </option>
      <option
        key="102"
        value="Iran, Islamic Republic Of"
      >
        Iran, Islamic Republic Of
      </option>
      <option
        key="103"
        value="Iraq"
      >
        Iraq
      </option>
      <option
        key="104"
        value="Ireland"
      >
        Ireland
      </option>
      <option
        key="105"
        value="Isle of Man"
      >
        Isle of Man
      </option>
      <option
        key="106"
        value="Israel"
      >
        Israel
      </option>
      <option
        key="107"
        value="Italy"
      >
        Italy
      </option>
      <option
        key="108"
        value="Jamaica"
      >
        Jamaica
      </option>
      <option
        key="109"
        value="Japan"
      >
        Japan
      </option>
      <option
        key="110"
        value="Jersey"
      >
        Jersey
      </option>
      <option
        key="111"
        value="Jordan"
      >
        Jordan
      </option>
      <option
        key="112"
        value="Kazakhstan"
      >
        Kazakhstan
      </option>
      <option
        key="113"
        value="Kenya"
      >
        Kenya
      </option>
      <option
        key="114"
        value="Kiribati"
      >
        Kiribati
      </option>
      <option
        key="115"
        value="Korea, Democratic People'S Republic of"
      >
        Korea, Democratic People'S Republic of
      </option>
      <option
        key="116"
        value="Korea, Republic of"
      >
        Korea, Republic of
      </option>
      <option
        key="117"
        value="Kuwait"
      >
        Kuwait
      </option>
      <option
        key="118"
        value="Kyrgyzstan"
      >
        Kyrgyzstan
      </option>
      <option
        key="119"
        value="Lao People'S Democratic Republic"
      >
        Lao People'S Democratic Republic
      </option>
      <option
        key="120"
        value="Latvia"
      >
        Latvia
      </option>
      <option
        key="121"
        value="Lebanon"
      >
        Lebanon
      </option>
      <option
        key="122"
        value="Lesotho"
      >
        Lesotho
      </option>
      <option
        key="123"
        value="Liberia"
      >
        Liberia
      </option>
      <option
        key="124"
        value="Libyan Arab Jamahiriya"
      >
        Libyan Arab Jamahiriya
      </option>
      <option
        key="125"
        value="Liechtenstein"
      >
        Liechtenstein
      </option>
      <option
        key="126"
        value="Lithuania"
      >
        Lithuania
      </option>
      <option
        key="127"
        value="Luxembourg"
      >
        Luxembourg
      </option>
      <option
        key="128"
        value="Macao"
      >
        Macao
      </option>
      <option
        key="129"
        value="Macedonia, The Former Yugoslav Republic of"
      >
        Macedonia, The Former Yugoslav Republic of
      </option>
      <option
        key="130"
        value="Madagascar"
      >
        Madagascar
      </option>
      <option
        key="131"
        value="Malawi"
      >
        Malawi
      </option>
      <option
        key="132"
        value="Malaysia"
      >
        Malaysia
      </option>
      <option
        key="133"
        value="Maldives"
      >
        Maldives
      </option>
      <option
        key="134"
        value="Mali"
      >
        Mali
      </option>
      <option
        key="135"
        value="Malta"
      >
        Malta
      </option>
      <option
        key="136"
        value="Marshall Islands"
      >
        Marshall Islands
      </option>
      <option
        key="137"
        value="Martinique"
      >
        Martinique
      </option>
      <option
        key="138"
        value="Mauritania"
      >
        Mauritania
      </option>
      <option
        key="139"
        value="Mauritius"
      >
        Mauritius
      </option>
      <option
        key="140"
        value="Mayotte"
      >
        Mayotte
      </option>
      <option
        key="141"
        value="Mexico"
      >
        Mexico
      </option>
      <option
        key="142"
        value="Micronesia, Federated States of"
      >
        Micronesia, Federated States of
      </option>
      <option
        key="143"
        value="Moldova, Republic of"
      >
        Moldova, Republic of
      </option>
      <option
        key="144"
        value="Monaco"
      >
        Monaco
      </option>
      <option
        key="145"
        value="Mongolia"
      >
        Mongolia
      </option>
      <option
        key="146"
        value="Montserrat"
      >
        Montserrat
      </option>
      <option
        key="147"
        value="Morocco"
      >
        Morocco
      </option>
      <option
        key="148"
        value="Mozambique"
      >
        Mozambique
      </option>
      <option
        key="149"
        value="Myanmar"
      >
        Myanmar
      </option>
      <option
        key="150"
        value="Namibia"
      >
        Namibia
      </option>
      <option
        key="151"
        value="Nauru"
      >
        Nauru
      </option>
      <option
        key="152"
        value="Nepal"
      >
        Nepal
      </option>
      <option
        key="153"
        value="Netherlands"
      >
        Netherlands
      </option>
      <option
        key="154"
        value="Netherlands Antilles"
      >
        Netherlands Antilles
      </option>
      <option
        key="155"
        value="New Caledonia"
      >
        New Caledonia
      </option>
      <option
        key="156"
        value="New Zealand"
      >
        New Zealand
      </option>
      <option
        key="157"
        value="Nicaragua"
      >
        Nicaragua
      </option>
      <option
        key="158"
        value="Niger"
      >
        Niger
      </option>
      <option
        key="159"
        value="Nigeria"
      >
        Nigeria
      </option>
      <option
        key="160"
        value="Niue"
      >
        Niue
      </option>
      <option
        key="161"
        value="Norfolk Island"
      >
        Norfolk Island
      </option>
      <option
        key="162"
        value="Northern Mariana Islands"
      >
        Northern Mariana Islands
      </option>
      <option
        key="163"
        value="Norway"
      >
        Norway
      </option>
      <option
        key="164"
        value="Oman"
      >
        Oman
      </option>
      <option
        key="165"
        value="Pakistan"
      >
        Pakistan
      </option>
      <option
        key="166"
        value="Palau"
      >
        Palau
      </option>
      <option
        key="167"
        value="Palestinian Territory, Occupied"
      >
        Palestinian Territory, Occupied
      </option>
      <option
        key="168"
        value="Panama"
      >
        Panama
      </option>
      <option
        key="169"
        value="Papua New Guinea"
      >
        Papua New Guinea
      </option>
      <option
        key="170"
        value="Paraguay"
      >
        Paraguay
      </option>
      <option
        key="171"
        value="Peru"
      >
        Peru
      </option>
      <option
        key="172"
        value="Philippines"
      >
        Philippines
      </option>
      <option
        key="173"
        value="Pitcairn"
      >
        Pitcairn
      </option>
      <option
        key="174"
        value="Poland"
      >
        Poland
      </option>
      <option
        key="175"
        value="Portugal"
      >
        Portugal
      </option>
      <option
        key="176"
        value="Puerto Rico"
      >
        Puerto Rico
      </option>
      <option
        key="177"
        value="Qatar"
      >
        Qatar
      </option>
      <option
        key="178"
        value="Reunion"
      >
        Reunion
      </option>
      <option
        key="179"
        value="Romania"
      >
        Romania
      </option>
      <option
        key="180"
        value="Russian Federation"
      >
        Russian Federation
      </option>
      <option
        key="181"
        value="RWANDA"
      >
        RWANDA
      </option>
      <option
        key="182"
        value="Saint Helena"
      >
        Saint Helena
      </option>
      <option
        key="183"
        value="Saint Kitts and Nevis"
      >
        Saint Kitts and Nevis
      </option>
      <option
        key="184"
        value="Saint Lucia"
      >
        Saint Lucia
      </option>
      <option
        key="185"
        value="Saint Pierre and Miquelon"
      >
        Saint Pierre and Miquelon
      </option>
      <option
        key="186"
        value="Saint Vincent and the Grenadines"
      >
        Saint Vincent and the Grenadines
      </option>
      <option
        key="187"
        value="Samoa"
      >
        Samoa
      </option>
      <option
        key="188"
        value="San Marino"
      >
        San Marino
      </option>
      <option
        key="189"
        value="Sao Tome and Principe"
      >
        Sao Tome and Principe
      </option>
      <option
        key="190"
        value="Saudi Arabia"
      >
        Saudi Arabia
      </option>
      <option
        key="191"
        value="Senegal"
      >
        Senegal
      </option>
      <option
        key="192"
        value="Serbia and Montenegro"
      >
        Serbia and Montenegro
      </option>
      <option
        key="193"
        value="Seychelles"
      >
        Seychelles
      </option>
      <option
        key="194"
        value="Sierra Leone"
      >
        Sierra Leone
      </option>
      <option
        key="195"
        value="Singapore"
      >
        Singapore
      </option>
      <option
        key="196"
        value="Slovakia"
      >
        Slovakia
      </option>
      <option
        key="197"
        value="Slovenia"
      >
        Slovenia
      </option>
      <option
        key="198"
        value="Solomon Islands"
      >
        Solomon Islands
      </option>
      <option
        key="199"
        value="Somalia"
      >
        Somalia
      </option>
      <option
        key="200"
        value="South Africa"
      >
        South Africa
      </option>
      <option
        key="201"
        value="South Georgia and the South Sandwich Islands"
      >
        South Georgia and the South Sandwich Islands
      </option>
      <option
        key="202"
        value="Spain"
      >
        Spain
      </option>
      <option
        key="203"
        value="Sri Lanka"
      >
        Sri Lanka
      </option>
      <option
        key="204"
        value="Sudan"
      >
        Sudan
      </option>
      <option
        key="205"
        value="Suriname"
      >
        Suriname
      </option>
      <option
        key="206"
        value="Svalbard and Jan Mayen"
      >
        Svalbard and Jan Mayen
      </option>
      <option
        key="207"
        value="Swaziland"
      >
        Swaziland
      </option>
      <option
        key="208"
        value="Sweden"
      >
        Sweden
      </option>
      <option
        key="209"
        value="Switzerland"
      >
        Switzerland
      </option>
      <option
        key="210"
        value="Syrian Arab Republic"
      >
        Syrian Arab Republic
      </option>
      <option
        key="211"
        value="Taiwan, Province of China"
      >
        Taiwan, Province of China
      </option>
      <option
        key="212"
        value="Tajikistan"
      >
        Tajikistan
      </option>
      <option
        key="213"
        value="Tanzania, United Republic of"
      >
        Tanzania, United Republic of
      </option>
      <option
        key="214"
        value="Thailand"
      >
        Thailand
      </option>
      <option
        key="215"
        value="Timor-Leste"
      >
        Timor-Leste
      </option>
      <option
        key="216"
        value="Togo"
      >
        Togo
      </option>
      <option
        key="217"
        value="Tokelau"
      >
        Tokelau
      </option>
      <option
        key="218"
        value="Tonga"
      >
        Tonga
      </option>
      <option
        key="219"
        value="Trinidad and Tobago"
      >
        Trinidad and Tobago
      </option>
      <option
        key="220"
        value="Tunisia"
      >
        Tunisia
      </option>
      <option
        key="221"
        value="Turkey"
      >
        Turkey
      </option>
      <option
        key="222"
        value="Turkmenistan"
      >
        Turkmenistan
      </option>
      <option
        key="223"
        value="Turks and Caicos Islands"
      >
        Turks and Caicos Islands
      </option>
      <option
        key="224"
        value="Tuvalu"
      >
        Tuvalu
      </option>
      <option
        key="225"
        value="Uganda"
      >
        Uganda
      </option>
      <option
        key="226"
        value="Ukraine"
      >
        Ukraine
      </option>
      <option
        key="227"
        value="United Arab Emirates"
      >
        United Arab Emirates
      </option>
      <option
        key="228"
        value="United Kingdom"
      >
        United Kingdom
      </option>
      <option
        key="229"
        value="United States"
      >
        United States
      </option>
      <option
        key="230"
        value="United States Minor Outlying Islands"
      >
        United States Minor Outlying Islands
      </option>
      <option
        key="231"
        value="Uruguay"
      >
        Uruguay
      </option>
      <option
        key="232"
        value="Uzbekistan"
      >
        Uzbekistan
      </option>
      <option
        key="233"
        value="Vanuatu"
      >
        Vanuatu
      </option>
      <option
        key="234"
        value="Venezuela"
      >
        Venezuela
      </option>
      <option
        key="235"
        value="Viet Nam"
      >
        Viet Nam
      </option>
      <option
        key="236"
        value="Virgin Islands, British"
      >
        Virgin Islands, British
      </option>
      <option
        key="237"
        value="Virgin Islands, U.S."
      >
        Virgin Islands, U.S.
      </option>
      <option
        key="238"
        value="Wallis and Futuna"
      >
        Wallis and Futuna
      </option>
      <option
        key="239"
        value="Western Sahara"
      >
        Western Sahara
      </option>
      <option
        key="240"
        value="Yemen"
      >
        Yemen
      </option>
      <option
        key="241"
        value="Zambia"
      >
        Zambia
      </option>
      <option
        key="242"
        value="Zimbabwe"
      >
        Zimbabwe
      </option>
    </FormControl>
    <div
      className="float-right"
    >
      <Button
        active={false}
        className="my-1"
        disabled={false}
        type="submit"
        variant="primary"
      >
        Submit
      </Button>
       
      <Button
        active={false}
        disabled={false}
        onClick={[Function]}
        variant="success"
      >
        Newsletter
      </Button>
    </div>
  </fieldset>
</Form>
`;
