// Jest Snapshot v1, https://goo.gl/fbAQLP

exports[`matches snapshot 1`] = `
<VscStarEmpty
  className="fav-btn float-right"
  onClick={[Function]}
  size="20"
/>
`;
