// Jest Snapshot v1, https://goo.gl/fbAQLP

exports[`matches snapshot 1`] = `
<h2>
  Hello, please proceed to 
  <a
    href="/search"
  >
    Search University
  </a>
</h2>
`;
