// Jest Snapshot v1, https://goo.gl/fbAQLP

exports[`matches snapshot 1`] = `
<Fragment>
  <UniversityCards
    favoriteList={Array []}
    showError={false}
    universityList={Array []}
  />
</Fragment>
`;
